client/main.lua:1:7 warning unused-local
client/main.lua:2:16 warning unused-function
client/main.lua:4:1 info fivem/citizen-prefix
client/main.lua:5:5 error fivem/loop-never-yields
client/main.lua:6:21 info fivem/legacy-native-pattern
client/main.lua:7:15 warning unused-local
client/main.lua:7:23 info fivem/hash-literal
client/main.lua:14:9 info fivem/citizen-prefix
client/main.lua:15:9 info empty-block
client/main.lua:20:41 hint unused-argument
client/main.lua:20:44 error duplicate-argument
client/main.lua:20:44 hint unused-argument
client/main.lua:21:18 info fivem/legacy-native-pattern
client/main.lua:22:17 warning undefined-global
client/main.lua:22:33 warning fivem/import-not-declared
client/main.lua:22:45 warning fivem/import-not-declared
client/main.lua:23:5 error fivem/native-wrong-side
client/main.lua:24:16 error fivem/native-wrong-side
client/main.lua:25:5 warning implicit-global
client/main.lua:25:25 warning undefined-field
client/main.lua:26:24 warning duplicate-index
client/main.lua:26:42 warning duplicate-index
client/main.lua:27:11 warning unused-local
client/main.lua:28:5 error const-reassign
client/main.lua:31:9 warning unreachable-code
client/main.lua:33:10 error undefined-label
client/main.lua:34:5 warning unreachable-code
client/main.lua:37:1 warning missing-parameter
client/main.lua:38:23 warning redundant-parameter
client/main.lua:40:9 warning count-down-loop
fxmanifest.lua:8:1 warning manifest/unknown-directive
fxmanifest.lua:14:15 warning manifest/missing-file
server/main.lua:3:11 warning fivem/source-after-yield
server/main.lua:5:20 warning fivem/source-after-yield
server/main.lua:7:17 error fivem/native-wrong-side
server/main.lua:8:24 warning unbalanced-assignments
server/main.lua:9:5 warning unbalanced-assignments
server/main.lua:13:1 warning deprecated
server/main.lua:24:16 info manifest/missing-dependency
server/main.lua:24:16 hint qbox/legacy-core-object
shared/config.lua:3:1 warning self-assignment
shared/config.lua:4:1 warning lowercase-global
shared/config.lua:13:11 warning duplicate-doc-alias
shared/config.lua:17:11 warning duplicate-doc-field
shared/config.lua:19:11 warning undefined-doc-param
shared/config.lua:24:10 warning duplicate-set-field
shared/config.lua:29:18 warning newline-call
shared/config.lua:33:17 hint trailing-space
shared/config.lua:36:23 hint redundant-return
shared/config.lua:39:11 warning duplicate-doc-param
shared/config.lua:40:11 warning duplicate-doc-param
shared/config.lua:45:11 warning doc-field-no-class
shared/config.lua:50:14 warning unknown-operator
shared/config.lua:54:10 warning unknown-cast-variable
shared/config.lua:56:35 warning unknown-diag-code
shared/config.lua:59:20 hint unused-vararg
shared/config.lua:65:5 warning newfield-call
shared/config.lua:70:15 warning ambiguity-1
